Copyright 1986-2022 Xilinx, Inc. All Rights Reserved. Copyright 2022-2026 Advanced Micro Devices, Inc. All Rights Reserved.
---------------------------------------------------------------------------------------------------------------------------------------------
| Tool Version : Vivado v.2026.1 (win64) Build 6511674 Tue Jun 16 11:02:23 MDT 2026
| Date         : Sat Aug 22 11:15:25 2026
| Host         : KRSSEFD5 running 64-bit major release  (build 9200)
| Command      : report_utilization -hierarchical -file ./test3_place_route_autorepair_out/utilization_post_route.rpt
| Design       : masked_and_gadget
| Device       : xc7a100tcsg324-1
| Speed File   : -1
| Design State : Routed
---------------------------------------------------------------------------------------------------------------------------------------------

Utilization Design Information

Table of Contents
-----------------
1. Utilization by Hierarchy

1. Utilization by Hierarchy
---------------------------

+-----------------------+--------+------------+------------+---------+------+-----+--------+--------+------------+
|        Instance       | Module | Total LUTs | Logic LUTs | LUTRAMs | SRLs | FFs | RAMB36 | RAMB18 | DSP Blocks |
+-----------------------+--------+------------+------------+---------+------+-----+--------+--------+------------+
| masked_and_gadget     |  (top) |          4 |          4 |       0 |    0 |   9 |      0 |      0 |          0 |
|   (masked_and_gadget) |  (top) |          2 |          2 |       0 |    0 |   9 |      0 |      0 |          0 |
+-----------------------+--------+------------+------------+---------+------+-----+--------+--------+------------+
* Note: The sum of lower-level cells may be larger than their parent cells total, due to cross-hierarchy LUT combining


