Vivado Simulator v2026.1
Copyright 1986-2022 Xilinx, Inc. All Rights Reserved.
Copyright 2022-2026 Advanced Micro Devices, Inc. All Rights Reserved.
Running: C:/AMDDesignTools/2026.1/Vivado/bin/unwrapped/win64.o/xelab.exe --relax --debug typical tb_masked_and_gadget_tvla_gatelevel glbl -s gatelevel_tvla_sim_sdf -L unisims_ver -L unimacro_ver -L secureip 
Multi-threading is on. Using 2 slave threads.
Starting static elaboration
Pass Through NonSizing Optimizer
Completed static elaboration
Starting simulation data flow analysis
Completed simulation data flow analysis
INFO: [XSIM 43-3451] SDF backannotation process started with SDF file "masked_and_gadget_timesim.sdf", for root module "tb_masked_and_gadget_tvla_gatelevel/dut".
WARNING: [XSIM 43-3472] Unable to find delay expressions for setup between ports CE and C for module FDRE_default.
WARNING: [XSIM 43-3467] Unable to find delay expressions for hold between ports CE and C for module FDRE_default.
WARNING: [XSIM 43-3472] Unable to find delay expressions for setup between ports CE and C for module FDRE_default.
WARNING: [XSIM 43-3467] Unable to find delay expressions for hold between ports CE and C for module FDRE_default.
WARNING: [XSIM 43-3472] Unable to find delay expressions for setup between ports D and C for module FDRE_default.
WARNING: [XSIM 43-3467] Unable to find delay expressions for hold between ports D and C for module FDRE_default.
WARNING: [XSIM 43-3472] Unable to find delay expressions for setup between ports D and C for module FDRE_default.
WARNING: [XSIM 43-3467] Unable to find delay expressions for hold between ports D and C for module FDRE_default.
WARNING: [XSIM 43-3472] Unable to find delay expressions for setup between ports R and C for module FDRE_default.
WARNING: [XSIM 43-3467] Unable to find delay expressions for hold between ports R and C for module FDRE_default.
WARNING: [XSIM 43-3472] Unable to find delay expressions for setup between ports R and C for module FDRE_default.
WARNING: [XSIM 43-3467] Unable to find delay expressions for hold between ports R and C for module FDRE_default.
WARNING: [XSIM 43-3468] Unable to find delay expressions for period for port C for module FDRE_default.
WARNING: [XSIM 43-3476] Unable to find delay expressions for width for port C for module FDRE_default.
WARNING: [XSIM 43-3476] Unable to find delay expressions for width for port C for module FDRE_default.
WARNING: [XSIM 43-3472] Unable to find delay expressions for setup between ports CE and C for module FDRE_default.
WARNING: [XSIM 43-3467] Unable to find delay expressions for hold between ports CE and C for module FDRE_default.
WARNING: [XSIM 43-3472] Unable to find delay expressions for setup between ports CE and C for module FDRE_default.
WARNING: [XSIM 43-3467] Unable to find delay expressions for hold between ports CE and C for module FDRE_default.
WARNING: [XSIM 43-3472] Unable to find delay expressions for setup between ports D and C for module FDRE_default.
WARNING: [XSIM 43-3467] Unable to find delay expressions for hold between ports D and C for module FDRE_default.
WARNING: [XSIM 43-3472] Unable to find delay expressions for setup between ports D and C for module FDRE_default.
WARNING: [XSIM 43-3467] Unable to find delay expressions for hold between ports D and C for module FDRE_default.
WARNING: [XSIM 43-3472] Unable to find delay expressions for setup between ports R and C for module FDRE_default.
WARNING: [XSIM 43-3467] Unable to find delay expressions for hold between ports R and C for module FDRE_default.
WARNING: [XSIM 43-3472] Unable to find delay expressions for setup between ports R and C for module FDRE_default.
WARNING: [XSIM 43-3467] Unable to find delay expressions for hold between ports R and C for module FDRE_default.
WARNING: [XSIM 43-3468] Unable to find delay expressions for period for port C for module FDRE_default.
WARNING: [XSIM 43-3476] Unable to find delay expressions for width for port C for module FDRE_default.
WARNING: [XSIM 43-3476] Unable to find delay expressions for width for port C for module FDRE_default.
WARNING: [XSIM 43-3472] Unable to find delay expressions for setup between ports CE and C for module FDRE_default.
WARNING: [XSIM 43-3467] Unable to find delay expressions for hold between ports CE and C for module FDRE_default.
WARNING: [XSIM 43-3472] Unable to find delay expressions for setup between ports CE and C for module FDRE_default.
WARNING: [XSIM 43-3467] Unable to find delay expressions for hold between ports CE and C for module FDRE_default.
WARNING: [XSIM 43-3472] Unable to find delay expressions for setup between ports D and C for module FDRE_default.
WARNING: [XSIM 43-3467] Unable to find delay expressions for hold between ports D and C for module FDRE_default.
WARNING: [XSIM 43-3472] Unable to find delay expressions for setup between ports D and C for module FDRE_default.
WARNING: [XSIM 43-3467] Unable to find delay expressions for hold between ports D and C for module FDRE_default.
WARNING: [XSIM 43-3472] Unable to find delay expressions for setup between ports R and C for module FDRE_default.
WARNING: [XSIM 43-3467] Unable to find delay expressions for hold between ports R and C for module FDRE_default.
WARNING: [XSIM 43-3472] Unable to find delay expressions for setup between ports R and C for module FDRE_default.
WARNING: [XSIM 43-3467] Unable to find delay expressions for hold between ports R and C for module FDRE_default.
WARNING: [XSIM 43-3472] Unable to find delay expressions for setup between ports CE and C for module FDRE_default.
WARNING: [XSIM 43-3467] Unable to find delay expressions for hold between ports CE and C for module FDRE_default.
WARNING: [XSIM 43-3472] Unable to find delay expressions for setup between ports CE and C for module FDRE_default.
WARNING: [XSIM 43-3467] Unable to find delay expressions for hold between ports CE and C for module FDRE_default.
WARNING: [XSIM 43-3472] Unable to find delay expressions for setup between ports D and C for module FDRE_default.
WARNING: [XSIM 43-3467] Unable to find delay expressions for hold between ports D and C for module FDRE_default.
WARNING: [XSIM 43-3472] Unable to find delay expressions for setup between ports D and C for module FDRE_default.
WARNING: [XSIM 43-3467] Unable to find delay expressions for hold between ports D and C for module FDRE_default.
WARNING: [XSIM 43-3472] Unable to find delay expressions for setup between ports R and C for module FDRE_default.
WARNING: [XSIM 43-3467] Unable to find delay expressions for hold between ports R and C for module FDRE_default.
WARNING: [XSIM 43-3472] Unable to find delay expressions for setup between ports R and C for module FDRE_default.
WARNING: [XSIM 43-3467] Unable to find delay expressions for hold between ports R and C for module FDRE_default.
WARNING: [XSIM 43-3472] Unable to find delay expressions for setup between ports CE and C for module FDRE_default.
WARNING: [XSIM 43-3467] Unable to find delay expressions for hold between ports CE and C for module FDRE_default.
WARNING: [XSIM 43-3472] Unable to find delay expressions for setup between ports CE and C for module FDRE_default.
WARNING: [XSIM 43-3467] Unable to find delay expressions for hold between ports CE and C for module FDRE_default.
WARNING: [XSIM 43-3472] Unable to find delay expressions for setup between ports D and C for module FDRE_default.
WARNING: [XSIM 43-3467] Unable to find delay expressions for hold between ports D and C for module FDRE_default.
WARNING: [XSIM 43-3472] Unable to find delay expressions for setup between ports D and C for module FDRE_default.
WARNING: [XSIM 43-3467] Unable to find delay expressions for hold between ports D and C for module FDRE_default.
WARNING: [XSIM 43-3472] Unable to find delay expressions for setup between ports R and C for module FDRE_default.
WARNING: [XSIM 43-3467] Unable to find delay expressions for hold between ports R and C for module FDRE_default.
WARNING: [XSIM 43-3472] Unable to find delay expressions for setup between ports R and C for module FDRE_default.
WARNING: [XSIM 43-3467] Unable to find delay expressions for hold between ports R and C for module FDRE_default.
WARNING: [XSIM 43-3472] Unable to find delay expressions for setup between ports CE and C for module FDRE_default.
WARNING: [XSIM 43-3467] Unable to find delay expressions for hold between ports CE and C for module FDRE_default.
WARNING: [XSIM 43-3472] Unable to find delay expressions for setup between ports CE and C for module FDRE_default.
WARNING: [XSIM 43-3467] Unable to find delay expressions for hold between ports CE and C for module FDRE_default.
WARNING: [XSIM 43-3472] Unable to find delay expressions for setup between ports D and C for module FDRE_default.
WARNING: [XSIM 43-3467] Unable to find delay expressions for hold between ports D and C for module FDRE_default.
WARNING: [XSIM 43-3472] Unable to find delay expressions for setup between ports D and C for module FDRE_default.
WARNING: [XSIM 43-3467] Unable to find delay expressions for hold between ports D and C for module FDRE_default.
WARNING: [XSIM 43-3472] Unable to find delay expressions for setup between ports R and C for module FDRE_default.
WARNING: [XSIM 43-3467] Unable to find delay expressions for hold between ports R and C for module FDRE_default.
WARNING: [XSIM 43-3472] Unable to find delay expressions for setup between ports R and C for module FDRE_default.
WARNING: [XSIM 43-3467] Unable to find delay expressions for hold between ports R and C for module FDRE_default.
WARNING: [XSIM 43-3472] Unable to find delay expressions for setup between ports CE and C for module FDRE_default.
WARNING: [XSIM 43-3467] Unable to find delay expressions for hold between ports CE and C for module FDRE_default.
WARNING: [XSIM 43-3472] Unable to find delay expressions for setup between ports CE and C for module FDRE_default.
WARNING: [XSIM 43-3467] Unable to find delay expressions for hold between ports CE and C for module FDRE_default.
WARNING: [XSIM 43-3472] Unable to find delay expressions for setup between ports D and C for module FDRE_default.
WARNING: [XSIM 43-3467] Unable to find delay expressions for hold between ports D and C for module FDRE_default.
WARNING: [XSIM 43-3472] Unable to find delay expressions for setup between ports D and C for module FDRE_default.
WARNING: [XSIM 43-3467] Unable to find delay expressions for hold between ports D and C for module FDRE_default.
WARNING: [XSIM 43-3472] Unable to find delay expressions for setup between ports R and C for module FDRE_default.
WARNING: [XSIM 43-3467] Unable to find delay expressions for hold between ports R and C for module FDRE_default.
WARNING: [XSIM 43-3472] Unable to find delay expressions for setup between ports R and C for module FDRE_default.
WARNING: [XSIM 43-3467] Unable to find delay expressions for hold between ports R and C for module FDRE_default.
WARNING: [XSIM 43-3481] Unable to locate information about pathpulse limits for SDG instance t0_sh0_i_1 of module LUT2.
WARNING: [XSIM 43-3472] Unable to find delay expressions for setup between ports CE and C for module FDRE_default.
WARNING: [XSIM 43-3467] Unable to find delay expressions for hold between ports CE and C for module FDRE_default.
WARNING: [XSIM 43-3472] Unable to find delay expressions for setup between ports CE and C for module FDRE_default.
WARNING: [XSIM 43-3467] Unable to find delay expressions for hold between ports CE and C for module FDRE_default.
WARNING: [XSIM 43-3472] Unable to find delay expressions for setup between ports D and C for module FDRE_default.
WARNING: [XSIM 43-3467] Unable to find delay expressions for hold between ports D and C for module FDRE_default.
WARNING: [XSIM 43-3472] Unable to find delay expressions for setup between ports D and C for module FDRE_default.
WARNING: [XSIM 43-3467] Unable to find delay expressions for hold between ports D and C for module FDRE_default.
WARNING: [XSIM 43-3472] Unable to find delay expressions for setup between ports R and C for module FDRE_default.
WARNING: [XSIM 43-3467] Unable to find delay expressions for hold between ports R and C for module FDRE_default.
WARNING: [XSIM 43-3472] Unable to find delay expressions for setup between ports R and C for module FDRE_default.
WARNING: [XSIM 43-3467] Unable to find delay expressions for hold between ports R and C for module FDRE_default.
WARNING: [XSIM 43-3481] Unable to locate information about pathpulse limits for SDG instance t0_sh1_i_1 of module LUT4(INIT=16'b0110100110010110).
WARNING: [XSIM 43-3472] Unable to find delay expressions for setup between ports CE and C for module FDRE_default.
WARNING: [XSIM 43-3467] Unable to find delay expressions for hold between ports CE and C for module FDRE_default.
WARNING: [XSIM 43-3472] Unable to find delay expressions for setup between ports CE and C for module FDRE_default.
WARNING: [XSIM 43-3467] Unable to find delay expressions for hold between ports CE and C for module FDRE_default.
WARNING: [XSIM 43-3472] Unable to find delay expressions for setup between ports D and C for module FDRE_default.
WARNING: [XSIM 43-3467] Unable to find delay expressions for hold between ports D and C for module FDRE_default.
WARNING: [XSIM 43-3472] Unable to find delay expressions for setup between ports D and C for module FDRE_default.
WARNING: [XSIM 43-3467] Unable to find delay expressions for hold between ports D and C for module FDRE_default.
WARNING: [XSIM 43-3472] Unable to find delay expressions for setup between ports R and C for module FDRE_default.
WARNING: [XSIM 43-3467] Unable to find delay expressions for hold between ports R and C for module FDRE_default.
WARNING: [XSIM 43-3472] Unable to find delay expressions for setup between ports R and C for module FDRE_default.
WARNING: [XSIM 43-3467] Unable to find delay expressions for hold between ports R and C for module FDRE_default.
WARNING: [XSIM 43-3481] Unable to locate information about pathpulse limits for SDG instance y_INST_0 of module LUT2.
WARNING: [XSIM 43-3481] Unable to locate information about pathpulse limits for SDG instance y_INST_0 of module LUT2.
WARNING: [XSIM 43-3481] Unable to locate information about pathpulse limits for SDG instance y_INST_0 of module LUT2.
WARNING: [XSIM 43-3481] Unable to locate information about pathpulse limits for SDG instance y_INST_0 of module LUT2.
ERROR: [XSIM 43-3462] Unable to annotate SDF delays in the design.
